******************************************************************************
                  TI ARM Linker PC v16.9.4                     
******************************************************************************
>> Linked Mon Nov 06 23:12:11 2017

OUTPUT FILE NAME:   <Lab_2.out>
ENTRY POINT SYMBOL: "_c_int00"  address: 000009b1


MEMORY CONFIGURATION

         name            origin    length      used     unused   attr    fill
----------------------  --------  ---------  --------  --------  ----  --------
  MAIN                  00000000   00040000  00000d0c  0003f2f4  R  X
  INFO                  00200000   00004000  00000000  00004000  R  X
  SRAM_CODE             01000000   00010000  0000024c  0000fdb4  RW X
  SRAM_DATA             20000000   00010000  0000024c  0000fdb4  RW  


SEGMENT ALLOCATION MAP

run origin  load origin   length   init length attrs members
----------  ----------- ---------- ----------- ----- -------
00000000    00000000    00000d10   00000d10    r-x
  00000000    00000000    000000e4   000000e4    r-- .intvecs
  000000e4    000000e4    00000b80   00000b80    r-x .text
  00000c64    00000c64    00000058   00000058    r-- .const
  00000cc0    00000cc0    00000050   00000050    r-- .cinit
20000000    20000000    0000004c   00000000    rw-
  20000000    20000000    0000004c   00000000    rw- .data
2000fe00    2000fe00    00000200   00000000    rw-
  2000fe00    2000fe00    00000200   00000000    rw- .stack


SECTION ALLOCATION MAP

 output                                  attributes/
section   page    origin      length       input sections
--------  ----  ----------  ----------   ----------------
.intvecs   0    00000000    000000e4     
                  00000000    000000e4     startup_msp432p401r_ccs.obj (.intvecs:retain)

.binit     0    00000000    00000000     

.text      0    000000e4    00000b80     
                  000000e4    0000032c     system_msp432p401r.obj (.text)
                  00000410    0000014c     msp432p4xx_driverlib.lib : cs.o (.text:CS_setDCOFrequency)
                  0000055c    000000e0                              : cs.o (.text:CS_initClockSignal)
                  0000063c    000000b2                              : timer_a.o (.text:privateTimer_AProcessClockSourceDivider)
                  000006ee    0000009c     rtsv7M4_T_le_v4SPD16_eabi.lib : memcpy_t2.obj (.text)
                  0000078a    00000002                                   : mpu_init.obj (.text)
                  0000078c    00000094     main.obj (.text)
                  00000820    00000070     rtsv7M4_T_le_v4SPD16_eabi.lib : autoinit.obj (.text)
                  00000890    00000068                                   : copy_decompress_lzss.obj (.text:decompress:lzss)
                  000008f8    00000064     msp432p4xx_driverlib.lib : interrupt.o (.text:Interrupt_enableInterrupt)
                  0000095c    00000054                              : cs.o (.text:CS_tuneDCOFrequency)
                  000009b0    00000054     rtsv7M4_T_le_v4SPD16_eabi.lib : boot.obj (.text)
                  00000a04    00000054                                   : exit.obj (.text)
                  00000a58    00000050     msp432p4xx_driverlib.lib : sysctl.o (.text:SysCtl_getTLVInfo)
                  00000aa8    0000004c     rtsv7M4_T_le_v4SPD16_eabi.lib : cpy_tbl.obj (.text)
                  00000af4    00000044     msp432p4xx_driverlib.lib : timer_a.o (.text:Timer_A_configureUpMode)
                  00000b38    00000024                              : cs.o (.text:CS_setDCOCenteredFrequency)
                  00000b5c    00000024                              : gpio.o (.text:GPIO_setAsOutputPin)
                  00000b80    0000001a                              : timer_a.o (.text:Timer_A_clearCaptureCompareInterrupt)
                  00000b9a    00000002     rtsv7M4_T_le_v4SPD16_eabi.lib : startup.obj (.text)
                  00000b9c    00000018     msp432p4xx_driverlib.lib : gpio.o (.text:GPIO_setOutputLowOnPin)
                  00000bb4    00000018                              : wdt_a.o (.text:WDT_A_holdTimer)
                  00000bcc    00000018     rtsv7M4_T_le_v4SPD16_eabi.lib : args_main.obj (.text)
                  00000be4    00000014     msp432p4xx_driverlib.lib : gpio.o (.text:GPIO_toggleOutputOnPin)
                  00000bf8    00000014                              : interrupt.o (.text:Interrupt_enableSleepOnIsrExit)
                  00000c0c    00000014     rtsv7M4_T_le_v4SPD16_eabi.lib : _lock.obj (.text)
                  00000c20    00000010     msp432p4xx_driverlib.lib : interrupt.o (.text:Interrupt_enableMaster)
                  00000c30    0000000e     rtsv7M4_T_le_v4SPD16_eabi.lib : copy_decompress_none.obj (.text:decompress:none)
                  00000c3e    0000000e     startup_msp432p401r_ccs.obj (.text)
                  00000c4c    0000000c     msp432p4xx_driverlib.lib : cpu.o (.text:CPU_cpsie)
                  00000c58    00000008                              : timer_a.o (.text:Timer_A_startCounter)
                  00000c60    00000004     rtsv7M4_T_le_v4SPD16_eabi.lib : pre_init.obj (.text)

.const     0    00000c64    00000058     
                  00000c64    00000040     msp432p4xx_driverlib.lib : interrupt.o (.const)
                  00000ca4    00000018     main.obj (.const:upConfig_0)

.cinit     0    00000cc0    00000050     
                  00000cc0    0000003d     (.cinit..data.load) [load image, compression = lzss]
                  00000cfd    00000003     --HOLE-- [fill = 0]
                  00000d00    00000008     (__TI_handler_table)
                  00000d08    00000008     (__TI_cinit_table)

.init_array 
*          0    00000000    00000000     UNINITIALIZED

.data      0    20000000    0000004c     UNINITIALIZED
                  20000000    00000030     msp432p4xx_driverlib.lib : gpio.o (.data:GPIO_PORT_TO_BASE)
                  20000030    0000000c     rtsv7M4_T_le_v4SPD16_eabi.lib : exit.obj (.data:$O1$$)
                  2000003c    00000008                                   : _lock.obj (.data:$O1$$)
                  20000044    00000004                                   : stkdepth_vars.obj (.data)
                  20000048    00000004     system_msp432p401r.obj (.data)

.stack     0    2000fe00    00000200     UNINITIALIZED
                  2000fe00    00000200     --HOLE--

MODULE SUMMARY

       Module                        code   ro data   rw data
       ------                        ----   -------   -------
    .\
       system_msp432p401r.obj        812    0         8      
       startup_msp432p401r_ccs.obj   14     228       0      
       main.obj                      148    24        0      
    +--+-----------------------------+------+---------+---------+
       Total:                        974    252       8      
                                                             
    C:/ti/msp432_driverlib_3_21_00_05/driverlib/MSP432P4xx/ccs/msp432p4xx_driverlib.lib
       cs.o                          676    0         0      
       timer_a.o                     280    0         0      
       interrupt.o                   136    64        0      
       gpio.o                        80     0         96     
       sysctl.o                      80     0         0      
       wdt_a.o                       24     0         0      
       cpu.o                         12     0         0      
    +--+-----------------------------+------+---------+---------+
       Total:                        1288   64        96     
                                                             
    C:\ti\ccsv7\tools\compiler\ti-cgt-arm_16.9.4.LTS\lib\rtsv7M4_T_le_v4SPD16_eabi.lib
       memcpy_t2.obj                 156    0         0      
       autoinit.obj                  112    0         0      
       exit.obj                      84     0         24     
       copy_decompress_lzss.obj      104    0         0      
       boot.obj                      84     0         0      
       cpy_tbl.obj                   76     0         0      
       _lock.obj                     20     0         16     
       args_main.obj                 24     0         0      
       copy_decompress_none.obj      14     0         0      
       stkdepth_vars.obj             0      0         8      
       pre_init.obj                  4      0         0      
       mpu_init.obj                  2      0         0      
       startup.obj                   2      0         0      
    +--+-----------------------------+------+---------+---------+
       Total:                        682    0         48     
                                                             
       Stack:                        0      0         1024   
       Linker Generated:             0      77        0      
    +--+-----------------------------+------+---------+---------+
       Grand Total:                  2944   393       1176   


LINKER GENERATED COPY TABLES

__TI_cinit_table @ 00000d08 records: 1, size/record: 8, table size: 8
	.data: load addr=00000cc0, load size=0000003d bytes, run addr=20000000, run size=0000004c bytes, compression=lzss


LINKER GENERATED HANDLER TABLE

__TI_handler_table @ 00000d00 records: 2, size/record: 4, table size: 8
	index: 0, handler: __TI_decompress_lzss
	index: 1, handler: __TI_decompress_none


GLOBAL SYMBOLS: SORTED ALPHABETICALLY BY Name 

address   name                                
-------   ----                                
00000c4b  ADC14_IRQHandler                    
00000c4b  AES256_IRQHandler                   
00000c4b  BusFault_Handler                    
00000a05  C$$EXIT                             
00000c4b  COMP_E0_IRQHandler                  
00000c4b  COMP_E1_IRQHandler                  
00000c4d  CPU_cpsie                           
00000c4b  CS_IRQHandler                       
0000055d  CS_initClockSignal                  
00000b39  CS_setDCOCenteredFrequency          
00000411  CS_setDCOFrequency                  
0000095d  CS_tuneDCOFrequency                 
00000c4b  DMA_ERR_IRQHandler                  
00000c4b  DMA_INT0_IRQHandler                 
00000c4b  DMA_INT1_IRQHandler                 
00000c4b  DMA_INT2_IRQHandler                 
00000c4b  DMA_INT3_IRQHandler                 
00000c4b  DebugMon_Handler                    
00000c4b  Default_Handler                     
00000c4b  EUSCIA0_IRQHandler                  
00000c4b  EUSCIA1_IRQHandler                  
00000c4b  EUSCIA2_IRQHandler                  
00000c4b  EUSCIA3_IRQHandler                  
00000c4b  EUSCIB0_IRQHandler                  
00000c4b  EUSCIB1_IRQHandler                  
00000c4b  EUSCIB2_IRQHandler                  
00000c4b  EUSCIB3_IRQHandler                  
00000c4b  FLCTL_IRQHandler                    
00000c4b  FPU_IRQHandler                      
00000b5d  GPIO_setAsOutputPin                 
00000b9d  GPIO_setOutputLowOnPin              
00000be5  GPIO_toggleOutputOnPin              
00000c4b  HardFault_Handler                   
000008f9  Interrupt_enableInterrupt           
00000c21  Interrupt_enableMaster              
00000bf9  Interrupt_enableSleepOnIsrExit      
00000c4b  MemManage_Handler                   
00000c4b  NMI_Handler                         
00000c4b  PCM_IRQHandler                      
00000c4b  PORT1_IRQHandler                    
00000c4b  PORT2_IRQHandler                    
00000c4b  PORT3_IRQHandler                    
00000c4b  PORT4_IRQHandler                    
00000c4b  PORT5_IRQHandler                    
00000c4b  PORT6_IRQHandler                    
00000c4b  PSS_IRQHandler                      
00000c4b  PendSV_Handler                      
00000c4b  RTC_C_IRQHandler                    
00000c3f  Reset_Handler                       
UNDEFED   SHT$$INIT_ARRAY$$Base               
UNDEFED   SHT$$INIT_ARRAY$$Limit              
00000c4b  SVC_Handler                         
00000a59  SysCtl_getTLVInfo                   
00000c4b  SysTick_Handler                     
20000048  SystemCoreClock                     
000000e5  SystemCoreClockUpdate               
00000359  SystemInit                          
00000c4b  T32_INT1_IRQHandler                 
00000c4b  T32_INT2_IRQHandler                 
00000c4b  T32_INTC_IRQHandler                 
00000c4b  TA0_N_IRQHandler                    
00000c4b  TA1_0_IRQHandler                    
00000c4b  TA1_N_IRQHandler                    
00000c4b  TA2_0_IRQHandler                    
00000c4b  TA2_N_IRQHandler                    
00000c4b  TA3_0_IRQHandler                    
00000c4b  TA3_N_IRQHandler                    
00000b81  Timer_A_clearCaptureCompareInterrupt
00000af5  Timer_A_configureUpMode             
00000c59  Timer_A_startCounter                
00000c4b  UsageFault_Handler                  
4000480c  WDTCTL_SYM                          
00000c4b  WDT_A_IRQHandler                    
00000bb5  WDT_A_holdTimer                     
20010000  __STACK_END                         
00000200  __STACK_SIZE                        
00000d08  __TI_CINIT_Base                     
00000d10  __TI_CINIT_Limit                    
00000d00  __TI_Handler_Table_Base             
00000d08  __TI_Handler_Table_Limit            
00000821  __TI_auto_init                      
20000030  __TI_cleanup_ptr                    
00000891  __TI_decompress_lzss                
00000c31  __TI_decompress_none                
20000034  __TI_dtors_ptr                      
20000038  __TI_enable_exit_profile_output     
ffffffff  __TI_pprof_out_hndl                 
ffffffff  __TI_prof_data_size                 
ffffffff  __TI_prof_data_start                
00000000  __TI_static_base__                  
000006ef  __aeabi_memcpy                      
000006ef  __aeabi_memcpy4                     
000006ef  __aeabi_memcpy8                     
ffffffff  __binit__                           
ffffffff  __c_args__                          
0000078b  __mpu_init                          
2000fe00  __stack                             
00000bcd  _args_main                          
000009b1  _c_int00                            
2000003c  _lock                               
00000c1b  _nop                                
00000c13  _register_lock                      
00000c0d  _register_unlock                    
00000b9b  _system_post_cinit                  
00000c61  _system_pre_init                    
20000040  _unlock                             
00000a09  abort                               
ffffffff  binit                               
00000aa9  copy_in                             
00000a11  exit                                
00000000  interruptVectors                    
0000078d  main                                
20000044  main_func_sp                        
000006ef  memcpy                              
000007fb  timer_a_0_isr                       
00000ca4  upConfig_0                          


GLOBAL SYMBOLS: SORTED BY Symbol Address 

address   name                                
-------   ----                                
00000000  __TI_static_base__                  
00000000  interruptVectors                    
000000e5  SystemCoreClockUpdate               
00000200  __STACK_SIZE                        
00000359  SystemInit                          
00000411  CS_setDCOFrequency                  
0000055d  CS_initClockSignal                  
000006ef  __aeabi_memcpy                      
000006ef  __aeabi_memcpy4                     
000006ef  __aeabi_memcpy8                     
000006ef  memcpy                              
0000078b  __mpu_init                          
0000078d  main                                
000007fb  timer_a_0_isr                       
00000821  __TI_auto_init                      
00000891  __TI_decompress_lzss                
000008f9  Interrupt_enableInterrupt           
0000095d  CS_tuneDCOFrequency                 
000009b1  _c_int00                            
00000a05  C$$EXIT                             
00000a09  abort                               
00000a11  exit                                
00000a59  SysCtl_getTLVInfo                   
00000aa9  copy_in                             
00000af5  Timer_A_configureUpMode             
00000b39  CS_setDCOCenteredFrequency          
00000b5d  GPIO_setAsOutputPin                 
00000b81  Timer_A_clearCaptureCompareInterrupt
00000b9b  _system_post_cinit                  
00000b9d  GPIO_setOutputLowOnPin              
00000bb5  WDT_A_holdTimer                     
00000bcd  _args_main                          
00000be5  GPIO_toggleOutputOnPin              
00000bf9  Interrupt_enableSleepOnIsrExit      
00000c0d  _register_unlock                    
00000c13  _register_lock                      
00000c1b  _nop                                
00000c21  Interrupt_enableMaster              
00000c31  __TI_decompress_none                
00000c3f  Reset_Handler                       
00000c4b  ADC14_IRQHandler                    
00000c4b  AES256_IRQHandler                   
00000c4b  BusFault_Handler                    
00000c4b  COMP_E0_IRQHandler                  
00000c4b  COMP_E1_IRQHandler                  
00000c4b  CS_IRQHandler                       
00000c4b  DMA_ERR_IRQHandler                  
00000c4b  DMA_INT0_IRQHandler                 
00000c4b  DMA_INT1_IRQHandler                 
00000c4b  DMA_INT2_IRQHandler                 
00000c4b  DMA_INT3_IRQHandler                 
00000c4b  DebugMon_Handler                    
00000c4b  Default_Handler                     
00000c4b  EUSCIA0_IRQHandler                  
00000c4b  EUSCIA1_IRQHandler                  
00000c4b  EUSCIA2_IRQHandler                  
00000c4b  EUSCIA3_IRQHandler                  
00000c4b  EUSCIB0_IRQHandler                  
00000c4b  EUSCIB1_IRQHandler                  
00000c4b  EUSCIB2_IRQHandler                  
00000c4b  EUSCIB3_IRQHandler                  
00000c4b  FLCTL_IRQHandler                    
00000c4b  FPU_IRQHandler                      
00000c4b  HardFault_Handler                   
00000c4b  MemManage_Handler                   
00000c4b  NMI_Handler                         
00000c4b  PCM_IRQHandler                      
00000c4b  PORT1_IRQHandler                    
00000c4b  PORT2_IRQHandler                    
00000c4b  PORT3_IRQHandler                    
00000c4b  PORT4_IRQHandler                    
00000c4b  PORT5_IRQHandler                    
00000c4b  PORT6_IRQHandler                    
00000c4b  PSS_IRQHandler                      
00000c4b  PendSV_Handler                      
00000c4b  RTC_C_IRQHandler                    
00000c4b  SVC_Handler                         
00000c4b  SysTick_Handler                     
00000c4b  T32_INT1_IRQHandler                 
00000c4b  T32_INT2_IRQHandler                 
00000c4b  T32_INTC_IRQHandler                 
00000c4b  TA0_N_IRQHandler                    
00000c4b  TA1_0_IRQHandler                    
00000c4b  TA1_N_IRQHandler                    
00000c4b  TA2_0_IRQHandler                    
00000c4b  TA2_N_IRQHandler                    
00000c4b  TA3_0_IRQHandler                    
00000c4b  TA3_N_IRQHandler                    
00000c4b  UsageFault_Handler                  
00000c4b  WDT_A_IRQHandler                    
00000c4d  CPU_cpsie                           
00000c59  Timer_A_startCounter                
00000c61  _system_pre_init                    
00000ca4  upConfig_0                          
00000d00  __TI_Handler_Table_Base             
00000d08  __TI_CINIT_Base                     
00000d08  __TI_Handler_Table_Limit            
00000d10  __TI_CINIT_Limit                    
20000030  __TI_cleanup_ptr                    
20000034  __TI_dtors_ptr                      
20000038  __TI_enable_exit_profile_output     
2000003c  _lock                               
20000040  _unlock                             
20000044  main_func_sp                        
20000048  SystemCoreClock                     
2000fe00  __stack                             
20010000  __STACK_END                         
4000480c  WDTCTL_SYM                          
ffffffff  __TI_pprof_out_hndl                 
ffffffff  __TI_prof_data_size                 
ffffffff  __TI_prof_data_start                
ffffffff  __binit__                           
ffffffff  __c_args__                          
ffffffff  binit                               
UNDEFED   SHT$$INIT_ARRAY$$Base               
UNDEFED   SHT$$INIT_ARRAY$$Limit              

[116 symbols]
